[2024-07-05T12:56:24.855+0000] {taskinstance.py:1979} INFO - Dependencies all met for dep_context=non-requeueable deps ti=<TaskInstance: daily_scraping_75.inject_in_postgres manual__2024-07-05T11:43:31.990172+00:00 [queued]>
[2024-07-05T12:56:24.861+0000] {taskinstance.py:1979} INFO - Dependencies all met for dep_context=requeueable deps ti=<TaskInstance: daily_scraping_75.inject_in_postgres manual__2024-07-05T11:43:31.990172+00:00 [queued]>
[2024-07-05T12:56:24.862+0000] {taskinstance.py:2193} INFO - Starting attempt 5 of 5
[2024-07-05T12:56:24.873+0000] {taskinstance.py:2217} INFO - Executing <Task(PythonOperator): inject_in_postgres> on 2024-07-05 11:43:31.990172+00:00
[2024-07-05T12:56:24.877+0000] {standard_task_runner.py:60} INFO - Started process 54595 to run task
[2024-07-05T12:56:24.880+0000] {standard_task_runner.py:87} INFO - Running: ['***', 'tasks', 'run', 'daily_scraping_75', 'inject_in_postgres', 'manual__2024-07-05T11:43:31.990172+00:00', '--job-id', '14', '--raw', '--subdir', 'DAGS_FOLDER/daily_scraping_dag_75.py', '--cfg-path', '/tmp/tmpjth_cv8b']
[2024-07-05T12:56:24.882+0000] {standard_task_runner.py:88} INFO - Job 14: Subtask inject_in_postgres
[2024-07-05T12:56:24.893+0000] {logging_mixin.py:188} WARNING - /home/***/.local/lib/python3.8/site-packages/***/settings.py:194 DeprecationWarning: The sql_alchemy_conn option in [core] has been moved to the sql_alchemy_conn option in [database] - the old setting has been used, but please update your config.
[2024-07-05T12:56:24.919+0000] {task_command.py:423} INFO - Running <TaskInstance: daily_scraping_75.inject_in_postgres manual__2024-07-05T11:43:31.990172+00:00 [running]> on host 596f6ace9042
[2024-07-05T12:56:24.977+0000] {taskinstance.py:2513} INFO - Exporting env vars: AIRFLOW_CTX_DAG_OWNER='***' AIRFLOW_CTX_DAG_ID='daily_scraping_75' AIRFLOW_CTX_TASK_ID='inject_in_postgres' AIRFLOW_CTX_EXECUTION_DATE='2024-07-05T11:43:31.990172+00:00' AIRFLOW_CTX_TRY_NUMBER='5' AIRFLOW_CTX_DAG_RUN_ID='manual__2024-07-05T11:43:31.990172+00:00'
[2024-07-05T12:56:24.978+0000] {logging_mixin.py:188} INFO - ['df_75_iledefranceparis_2024-07-05_2024-07-05-11-43-33.csv']
[2024-07-05T12:56:25.033+0000] {logging_mixin.py:188} INFO - Injection failed
[2024-07-05T12:56:25.033+0000] {taskinstance.py:2731} ERROR - Task failed with exception
Traceback (most recent call last):
  File "/home/airflow/.local/lib/python3.8/site-packages/sqlalchemy/engine/base.py", line 1890, in _execute_context
    self.dialect.do_executemany(
  File "/home/airflow/.local/lib/python3.8/site-packages/sqlalchemy/dialects/postgresql/psycopg2.py", line 982, in do_executemany
    context._psycopg2_fetched_rows = xtras.execute_values(
  File "/home/airflow/.local/lib/python3.8/site-packages/psycopg2/extras.py", line 1299, in execute_values
    cur.execute(b''.join(parts))
psycopg2.errors.InvalidTextRepresentation: invalid input syntax for type integer: "3 pièces"
LINE 312: ...-appartement-paris-2eme-75002-xw8evz', '725 000', '3 pièces'...
                                                               ^


The above exception was the direct cause of the following exception:

Traceback (most recent call last):
  File "/opt/airflow/dags/functions/inject_to_postgres.py", line 97, in add_scraped_data_to_postgresDB
    inject_sql(df)
  File "/opt/airflow/dags/functions/inject_to_postgres.py", line 23, in inject_sql
    df.to_sql('ads', engine, if_exists='append', index=False)
  File "/home/airflow/.local/lib/python3.8/site-packages/pandas/core/generic.py", line 2878, in to_sql
    return sql.to_sql(
  File "/home/airflow/.local/lib/python3.8/site-packages/pandas/io/sql.py", line 769, in to_sql
    return pandas_sql.to_sql(
  File "/home/airflow/.local/lib/python3.8/site-packages/pandas/io/sql.py", line 1920, in to_sql
    total_inserted = sql_engine.insert_records(
  File "/home/airflow/.local/lib/python3.8/site-packages/pandas/io/sql.py", line 1470, in insert_records
    raise err
  File "/home/airflow/.local/lib/python3.8/site-packages/pandas/io/sql.py", line 1461, in insert_records
    return table.insert(chunksize=chunksize, method=method)
  File "/home/airflow/.local/lib/python3.8/site-packages/pandas/io/sql.py", line 1023, in insert
    num_inserted = exec_insert(conn, keys, chunk_iter)
  File "/home/airflow/.local/lib/python3.8/site-packages/pandas/io/sql.py", line 929, in _execute_insert
    result = conn.execute(self.table.insert(), data)
  File "/home/airflow/.local/lib/python3.8/site-packages/sqlalchemy/engine/base.py", line 1385, in execute
    return meth(self, multiparams, params, _EMPTY_EXECUTION_OPTS)
  File "/home/airflow/.local/lib/python3.8/site-packages/sqlalchemy/sql/elements.py", line 334, in _execute_on_connection
    return connection._execute_clauseelement(
  File "/home/airflow/.local/lib/python3.8/site-packages/sqlalchemy/engine/base.py", line 1577, in _execute_clauseelement
    ret = self._execute_context(
  File "/home/airflow/.local/lib/python3.8/site-packages/sqlalchemy/engine/base.py", line 1953, in _execute_context
    self._handle_dbapi_exception(
  File "/home/airflow/.local/lib/python3.8/site-packages/sqlalchemy/engine/base.py", line 2134, in _handle_dbapi_exception
    util.raise_(
  File "/home/airflow/.local/lib/python3.8/site-packages/sqlalchemy/util/compat.py", line 211, in raise_
    raise exception
  File "/home/airflow/.local/lib/python3.8/site-packages/sqlalchemy/engine/base.py", line 1890, in _execute_context
    self.dialect.do_executemany(
  File "/home/airflow/.local/lib/python3.8/site-packages/sqlalchemy/dialects/postgresql/psycopg2.py", line 982, in do_executemany
    context._psycopg2_fetched_rows = xtras.execute_values(
  File "/home/airflow/.local/lib/python3.8/site-packages/psycopg2/extras.py", line 1299, in execute_values
    cur.execute(b''.join(parts))
sqlalchemy.exc.DataError: (psycopg2.errors.InvalidTextRepresentation) invalid input syntax for type integer: "3 pièces"
LINE 312: ...-appartement-paris-2eme-75002-xw8evz', '725 000', '3 pièces'...
                                                               ^

[SQL: INSERT INTO ads (url, price, surface, nb_pieces, nb_chambres, lieu, prix_m2, date_publication, tag_1, tag_2, tag_3, description, tags, images_url, date_scraped, created_at, updated_at) VALUES (%(url)s, %(price)s, %(surface)s, %(nb_pieces)s, %(nb_chambres)s, %(lieu)s, %(prix_m2)s, %(date_publication)s, %(tag_1)s, %(tag_2)s, %(tag_3)s, %(description)s, %(tags)s, %(images_url)s, %(date_scraped)s, %(created_at)s, %(updated_at)s)]
[parameters: ({'url': 'https://www.superimmo.com/annonces/achat-appartement-36m-paris-15eme-75015-xw8jtv', 'price': '350 000', 'surface': '22', 'nb_pieces': '2', 'nb_chambres': 1.0, 'lieu': None, 'prix_m2': '9 663', 'date_publication': '05/07/2024', 'tag_1': 'Cuisine de 3 m²', 'tag_2': None, 'tag_3': '20 000 € TTC inclus dans le prix de vente.', 'description': "Paris XVème, idéal profession libérale ou pied à terre\nSitué entre les métros Pasteur et Vaugirard, à deux pas du square Necker cet appartement de d ... (30 characters truncated) ... -chaussée d'un petit immeuble très calme et donne sur une charmante cour pavée.\nProfession libérale autorisée.\nGardienne à demeure\nPlan modulable.", 'tags': "['36,22 m² - 2 pièces - 1 chambre', 'Rez-de-jardin', 'Vue dégagée', 'Gardien', 'Cuisine de 3 m²', 'Séjour de 15 m²', None, None, None, None, None, None, None, None, None, None, None, None, None, None]", 'images_url': "['https://photo.superimmo.com/5g2k3ys33jb9fnj9dl2c8he7mqbx', 'https://photo.superimmo.com/233fm0ocszv1qwg58fnlnujx0utd', 'https://photo.superimmo.com ... (32 characters truncated) ... 'https://photo.superimmo.com/0ygl3ftdpx0t07dmeme84hzbb69q', 'https://photo.superimmo.com/tjoww3n0rmneltd148d3qb7dtnru', None, None, None, None, None]", 'date_scraped': '2024-07-05', 'created_at': datetime.datetime(2024, 7, 5, 12, 56, 24, 993789), 'updated_at': datetime.datetime(2024, 7, 5, 12, 56, 24, 993789)}, {'url': 'https://www.superimmo.com/annonces/achat-appartement-64m-paris-11eme-75011-xw8jsg', 'price': '715 000', 'surface': '06', 'nb_pieces': '3', 'nb_chambres': 2.0, 'lieu': None, 'prix_m2': '11 161', 'date_publication': '05/07/2024', 'tag_1': 'Exclusivité', 'tag_2': 'Étage 2/4 avec ascenseur', 'tag_3': 'Honoraires à la charge du vendeur. Barème d’honoraires : https://abriculteurs.com/notre-service-nos-honoraires/', 'description': "BEL APPARTEMENT LUMINEUX DE 3 PIECES A DEUX PAS DE LA BASTILLE - PARIS 11\nBienvenue chez Abriculteurs.\nVous trouverez ici toutes les informations c ... (2508 characters truncated) ... mmobilier au capital de 5 000,00 € immatriculée sous le numéro de SIREN 837704584 dont le représentant légal est Monsieur Adrien PIOT.\nAfficher plus", 'tags': '[\'64,06 m² (carrez : 64,06) - 3 pièces - 2 chambres\', \'Étage 2/4 avec ascenseur\', \'Vue sur rue\', \'Année de construction : 1998\', "Assainissem ... (58 characters truncated) ... ère\', \'Cuisine de 6 m²\', \'Fenêtres double vitrage\', \'Digicode - Interphone\', \'\', None, None, None, None, None, None, None, None, None, None]', 'images_url': "['https://photo.superimmo.com/f36x16bo0mwkefuvhldr9j8d2922', 'https://photo.superimmo.com/1gin8byged8lav5balkwi981h36x', 'https://photo.superimmo.com ... (32 characters truncated) ... 'https://photo.superimmo.com/18q3u73p61zgoomw7xnubk7l7mrl', 'https://photo.superimmo.com/qw7qn6kp8qq87v0hufih59yec9p4', None, None, None, None, None]", 'date_scraped': '2024-07-05', 'created_at': datetime.datetime(2024, 7, 5, 12, 56, 24, 993789), 'updated_at': datetime.datetime(2024, 7, 5, 12, 56, 24, 993789)}, {'url': 'https://www.superimmo.com/annonces/achat-appartement-29m-paris-20eme-75020-xw8js6', 'price': '335 000', 'surface': '58', 'nb_pieces': '2', 'nb_chambres': 1.0, 'lieu': None, 'prix_m2': '11 325', 'date_publication': '05/07/2024', 'tag_1': 'Exclusivité', 'tag_2': 'Cuisine de 2 m²', 'tag_3': 'Honoraires à la charge du vendeur. Barème d’honoraires : https://abriculteurs.com/notre-service-nos-honoraires/', 'description': 'Charmant appartement de 30 m² avec vaste terrasse de 20 m² - rue des Vignoles, Paris 20ème\nBienvenue chez Abriculteurs. Nous vous fournissons toutes ... (2583 characters truncated) ... rs immobilier, capital de 5 000,00 €, immatriculée sous le numéro de SIREN 837704584, représentée légalement par Monsieur Adrien PIOT.\nAfficher plus', 'tags': '[\'29,58 m² (carrez : 29,58) - 2 pièces - 1 chambre\', \'Rez-de-chaussée\', \'Vue dégagée, sur cour\', \'Année de construction : 1850\', "Assainissem ... (60 characters truncated) ... e\', \'Cuisine de 2 m²\', \'Séjour de 14 m²\', \'Fenêtres double vitrage\', \'Digicode\', None, None, None, None, None, None, None, None, None, None]', 'images_url': "['https://photo.superimmo.com/lg6z9d0mbhngxy6fid3ifarawbvs', 'https://photo.superimmo.com/vv1gwdz9zcvxiz497xeae0xkqjbq', 'https://photo.superimmo.com ... (32 characters truncated) ... 'https://photo.superimmo.com/482gv22w9t1jwk821vu47m3hadep', 'https://photo.superimmo.com/kum7bo5g0p77yskqiraj3t48djx8', None, None, None, None, None]", 'date_scraped': '2024-07-05', 'created_at': datetime.datetime(2024, 7, 5, 12, 56, 24, 993789), 'updated_at': datetime.datetime(2024, 7, 5, 12, 56, 24, 993789)}, {'url': 'https://www.superimmo.com/annonces/achat-appartement-26m-paris-6eme-75006-xw8js0', 'price': '339 000', 'surface': '1', 'nb_pieces': '1', 'nb_chambres': 1.0, 'lieu': None, 'prix_m2': '12 989', 'date_publication': '05/07/2024', 'tag_1': 'Étage 2/4', 'tag_2': None, 'tag_3': 'Honoraires à la charge du vendeur. Barème d’honoraires : https://abriculteurs.com/notre-service-nos-honoraires/', 'description': "Studio avec Poutres Apparentes au Cœur du Quartier Latin - 75006 Paris 6ème\nBienvenue chez Abriculteurs.\nVous trouverez ici toutes les informations ... (1892 characters truncated) ... S Abriculteurs immobilier au capital de 5 000,00 €, immatriculée sous le numéro SIREN 837704584, représentée par Monsieur Adrien PIOT.\nAfficher plus", 'tags': '[\'26,1 m² (carrez : 26,1) - 1 pièce - 1 chambre\', \'Étage 2/4\', \'Orientation : Est / Ouest\', \'Vue sur cour\', \'Année de construction : 1700\', ... (37 characters truncated) ... \'Eau chaude individuelle : chaudière\', \'Fenêtres double vitrage\', \'Digicode\', \'\', None, None, None, None, None, None, None, None, None, None]', 'images_url': "['https://photo.superimmo.com/fsg7m772krrna7tp1yqn3xv4jdws', 'https://photo.superimmo.com/42kdb119s2m3vkil6c63xwycwkjx', 'https://photo.superimmo.com ... (32 characters truncated) ... 'https://photo.superimmo.com/omh41988y5glek5m9wfg7b9yggbe', 'https://photo.superimmo.com/hilh4tho478uckvxuv4ae1apcoum', None, None, None, None, None]", 'date_scraped': '2024-07-05', 'created_at': datetime.datetime(2024, 7, 5, 12, 56, 24, 993789), 'updated_at': datetime.datetime(2024, 7, 5, 12, 56, 24, 993789)}, {'url': 'https://www.superimmo.com/annonces/achat-appartement-43m-paris-10eme-75010-xw8jqy', 'price': '405 000', 'surface': '43', 'nb_pieces': '3', 'nb_chambres': 2.0, 'lieu': None, 'prix_m2': '9 419', 'date_publication': '05/07/2024', 'tag_1': 'Exclusivité', 'tag_2': 'Étage 4/5', 'tag_3': "Honoraires à la charge de l'acquéreur : 5% TTC - 19 285,71 € TTC inclus dans le prix de vente - Prix hors honoraires : 385 714,29 €. Barème d’honoraires : https://telemaque.orpi.coop/agence/802/bareme.pdf", 'description': "Idéalement situé, Clémence vous propose de découvrir un appartement au quatrième étage d'une résidence bien entretenue.\nIl se compose ainsi : entrée ... (154 characters truncated) ...  conservé (parquet, moulures, cheminées...), ainsi que par son agencement fonctionnel et confortable.\nVendu avec une cave.\nRéférence agence : 12948", 'tags': "['Disponible immédiatement', '43 m² - 3 pièces - 2 chambres', 'Étage 4/5', '1 cave', 'Chauffage individuel électrique', '1 salle de bain', '1 wc', 'Fenêtres double vitrage', 'Copropriété de 59 lots', '', None, None, None, None, None, None, None, None, None, None]", 'images_url': "['https://photo.superimmo.com/e5te7jwgwl9scpdpn3sgjj1rvch2', 'https://photo.superimmo.com/pny0x3w835zclrjdxs7bnp7sqhyy', 'https://photo.superimmo.com ... (86 characters truncated) ... kbx', 'https://photo.superimmo.com/wcorn6ax48rma5lkzw5rg2scxn1z', 'https://photo.superimmo.com/078crxxqs6fk01vajukvfjy5u8p8', None, None, None, None]", 'date_scraped': '2024-07-05', 'created_at': datetime.datetime(2024, 7, 5, 12, 56, 24, 993789), 'updated_at': datetime.datetime(2024, 7, 5, 12, 56, 24, 993789)}, {'url': 'https://www.superimmo.com/annonces/achat-appartement-29m-paris-14eme-75014-xw8jpy', 'price': '249 000', 'surface': '29', 'nb_pieces': '2', 'nb_chambres': 1.0, 'lieu': None, 'prix_m2': '8 586', 'date_publication': '05/07/2024', 'tag_1': 'Exclusivité', 'tag_2': '6ème étage', 'tag_3': 'Barème d’honoraires : https://www.century21-aars-thiais.com/mentions_legales/', 'description': 'PARIS XIV - Dans un immeuble bourgeois situé à mi chemin entre le Parc Montsouris et la station Alesia ( Metro ligne 4), venez découvrir ce charmant  ... (219 characters truncated) ... vec 2 grandes caves Logement à consommation énergétique excessive : classe F. Bien proposé par Chloé BILLIOTTET EI, agent commercial (RSAC 844013607)', 'tags': "['Disponible immédiatement', '29 m² - 2 pièces - 1 chambre', '6ème étage', '1 cave', 'Année de construction : 1900', 'Séjour de 12 m²', '1 salle de bain', '1 wc', None, None, None, None, None, None, None, None, None, None, None, None]", 'images_url': "['https://photo.superimmo.com/gux3lzz8acuscyhcje5dchtlcvao', 'https://photo.superimmo.com/2rwdkr5z23anxemm090spzoibyvs', 'https://photo.superimmo.com ... (32 characters truncated) ... 'https://photo.superimmo.com/jhaikrc3laanmdhgmdyo8eewr3rg', 'https://photo.superimmo.com/3xqddr0l3ulzgsmtho4diwg5f7o7', None, None, None, None, None]", 'date_scraped': '2024-07-05', 'created_at': datetime.datetime(2024, 7, 5, 12, 56, 24, 993789), 'updated_at': datetime.datetime(2024, 7, 5, 12, 56, 24, 993789)}, {'url': 'https://www.superimmo.com/annonces/achat-appartement-74m-paris-18eme-75018-xw8jou', 'price': '860 000', 'surface': '74', 'nb_pieces': '4', 'nb_chambres': 2.0, 'lieu': None, 'prix_m2': '11 622', 'date_publication': '05/07/2024', 'tag_1': '2ème étage avec ascenseur', 'tag_2': 'Cuisine ouverte', 'tag_3': '25 000 € TTC inclus dans le prix de vente - Prix hors honoraires : 835 000 €. Barème d’honoraires : https://stoneo.fr/tarifs', 'description': "PARIS 18 – ABBESSES : l’agence STONEO vous propose un 4 pièces de 74,5 m² Carrez au 2ème étage avec ascenseur d’une copropriété bien entretenue de la ... (1284 characters truncated) ... ur Google) et nous recommandent. Notre agent Corentin GILLET-DOLLARD se tient à votre disposition pour tout complément d'informations.\nAfficher plus", 'tags': '[\'74 m² - 4 pièces - 2 chambres\', \'2ème étage avec ascenseur\', \'Orientation : Sud\', \'1 cave\', \'Année de construction : 1950\', \'Gardien\',  ... (71 characters truncated) ... 1 salle de bain", \'1 wc\', \'Espace vert\', \'Fenêtres double vitrage\', \'Parquet\', \'Digicode\', \'Fibre optique\', \'\', None, None, None, None]', 'images_url': "['https://photo.superimmo.com/ram3q6wlo4paramkjhrel3fomzwg', 'https://photo.superimmo.com/68g3c42jbabq79pbu9coo838g48e', 'https://photo.superimmo.com ... (32 characters truncated) ... 'https://photo.superimmo.com/89vv2nwxlmmksbu2ot4djpldrwob', 'https://photo.superimmo.com/elnrl7ifpqnioo8pvg6wneadkvma', None, None, None, None, None]", 'date_scraped': '2024-07-05', 'created_at': datetime.datetime(2024, 7, 5, 12, 56, 24, 993789), 'updated_at': datetime.datetime(2024, 7, 5, 12, 56, 24, 993789)}, {'url': 'https://www.superimmo.com/annonces/achat-appartement-38m-paris-18eme-75018-xw8jot', 'price': '300 000', 'surface': '38', 'nb_pieces': '2', 'nb_chambres': 1.0, 'lieu': None, 'prix_m2': '7 895', 'date_publication': '05/07/2024', 'tag_1': 'Exclusivité', 'tag_2': 'Étage 4/6', 'tag_3': '8 200 € TTC inclus dans le prix de vente - Prix hors honoraires : 291 800 €. Barème d’honoraires : https://stoneo.fr/tarifs', 'description': "PARIS 18 I BARBES-ROCHECHOUART I 2 PIECES\nPARIS 18 – BARBES-ROCHECHOUART : l’agence STONEO vous propose en exclusivité un appartement de 2 pièces de ... (1148 characters truncated) ... ur Google) et nous recommandent. Notre agent Corentin GILLET-DOLLARD se tient à votre disposition pour tout complément d'informations.\nAfficher plus", 'tags': '[\'38 m² - 2 pièces - 1 chambre\', \'Étage 4/6\', \'Orientation : Sud\', \'1 cave\', \'Chauffage collectif au gaz\', \'Cuisine ouverte\', "1 salle d\'eau", \'1 wc\', \'Parquet\', \'Fibre optique\', None, None, None, None, None, None, None, None, None, None]', 'images_url': "['https://photo.superimmo.com/7od1l0cbb2kxvj036xpovcvk61o8', 'https://photo.superimmo.com/i0utm0en5g7k2u9t6uttvnotriyf', 'https://photo.superimmo.com ... (32 characters truncated) ... 'https://photo.superimmo.com/78kvdt94sy2yicecwfs8h6vg3vr1', 'https://photo.superimmo.com/oqne29oac6evh6e9i3xka9b2ex5w', None, None, None, None, None]", 'date_scraped': '2024-07-05', 'created_at': datetime.datetime(2024, 7, 5, 12, 56, 24, 993789), 'updated_at': datetime.datetime(2024, 7, 5, 12, 56, 24, 993789)}  ... displaying 10 of 135 total bound parameter sets ...  {'url': 'https://www.superimmo.com/annonces/achat-appartement-29m-paris-6eme-75006-xw8a5d', 'price': '410 000', 'surface': '14', 'nb_pieces': '1', 'nb_chambres': None, 'lieu': 'Paris 6ème (75006)', 'prix_m2': '14 070', 'date_publication': '04/07/2024', 'tag_1': 'Dernier étage', 'tag_2': None, 'tag_3': '15 000 € TTC inclus dans le prix de vente. Barème d’honoraires : https://api.apimo.pro/uploads/company/16085/fees_document.pdf?1675095510', 'description': "Quatre Vents / Odeon\nQuartier Odéon, au calme sur cour ravalée d'un immeuble datant du 18ème siècle, charmant studio / Deux pièces de 29,14 M2 avec  ... (169 characters truncated) ... \nSalle de douche\nToilettes séparés.\nBon état général\nCalme\nVolume (3,40 au faîtage)\nNombre de lots principaux: 18\nCharges mensuelles: 97 euros", 'tags': "['29,14 m² (carrez : 29) - 1 pièce', 'Dernier étage (1er)', 'Orientation : Est', 'Vue sur cour', 'Séjour de 15 m²', 'Fenêtres double vitrage', 'Digicode', '', None, None, None, None, None, None, None, None, None, None, None, None]", 'images_url': "['https://photo.superimmo.com/gg7b3vp5hsbgww2q6xdpbprgjev2', 'https://photo.superimmo.com/txmwlfrtnuheuyg8orla93t48286', 'https://photo.superimmo.com ... (86 characters truncated) ... wh4', 'https://photo.superimmo.com/d18rc75s8vpqmghbtkka6c4dn9r0', 'https://photo.superimmo.com/2almia6yt7utcp8gkzqz6ku5tgho', None, None, None, None]", 'date_scraped': '2024-07-05', 'created_at': datetime.datetime(2024, 7, 5, 12, 56, 24, 993789), 'updated_at': datetime.datetime(2024, 7, 5, 12, 56, 24, 993789)}, {'url': 'https://www.superimmo.com/annonces/achat-appartement-89m-paris-3eme-75003-xw8a3g', 'price': '1 200 000', 'surface': '09', 'nb_pieces': '4', 'nb_chambres': 2.0, 'lieu': None, 'prix_m2': '13 470', 'date_publication': '04/07/2024', 'tag_1': '2ème étage', 'tag_2': None, 'tag_3': '40 000 € TTC inclus dans le prix de vente.', 'description': "75003 Paris - Appartement 4 pièces Duplex\nDUMARAIS vous propose ce bien de charme en duplex d’une surface de 89 m² situé au 2ème et 3ème étage dans  ... (292 characters truncated) ... 2 : une chambre avec salle d'eau et WC, un bureau ou une chambre d'enfant. Une cave complète ce bien. Copropriété de 34 lots sans procédure en cours.", 'tags': '[\'89,09 m² (carrez : 89,09) - 4 pièces - 2 chambres\', \'2ème étage\', \'Orientation : Sud\', \'Année de construction : 1800\', "Assainissement : to ... (52 characters truncated) ... e\', \'Fenêtres double vitrage\', \'Cheminée\', \'Alarme - Digicode - Interphone\', \'\', None, None, None, None, None, None, None, None, None, None]', 'images_url': "['https://photo.superimmo.com/noe6z667b4smwgm2w8j0r852zpvq', 'https://photo.superimmo.com/hudbvpsxjbpufn88n0ny5rnms0m6', 'https://photo.superimmo.com ... (32 characters truncated) ... 'https://photo.superimmo.com/7whrz53px7c5v139y4diu2oapv83', 'https://photo.superimmo.com/mieslh8d3d4e9y9bcemd5fgi0oup', None, None, None, None, None]", 'date_scraped': '2024-07-05', 'created_at': datetime.datetime(2024, 7, 5, 12, 56, 24, 993789), 'updated_at': datetime.datetime(2024, 7, 5, 12, 56, 24, 993789)})]
(Background on this error at: https://sqlalche.me/e/14/9h9h)

During handling of the above exception, another exception occurred:

Traceback (most recent call last):
  File "/home/airflow/.local/lib/python3.8/site-packages/airflow/models/taskinstance.py", line 444, in _execute_task
    result = _execute_callable(context=context, **execute_callable_kwargs)
  File "/home/airflow/.local/lib/python3.8/site-packages/airflow/models/taskinstance.py", line 414, in _execute_callable
    return execute_callable(context=context, **execute_callable_kwargs)
  File "/home/airflow/.local/lib/python3.8/site-packages/airflow/operators/python.py", line 200, in execute
    return_value = self.execute_callable()
  File "/home/airflow/.local/lib/python3.8/site-packages/airflow/operators/python.py", line 217, in execute_callable
    return self.python_callable(*self.op_args, **self.op_kwargs)
  File "/opt/airflow/dags/functions/inject_to_postgres.py", line 101, in add_scraped_data_to_postgresDB
    raise Exception()
Exception
[2024-07-05T12:56:25.054+0000] {taskinstance.py:1149} INFO - Marking task as FAILED. dag_id=daily_scraping_75, task_id=inject_in_postgres, execution_date=20240705T114331, start_date=20240705T125624, end_date=20240705T125625
[2024-07-05T12:56:25.063+0000] {standard_task_runner.py:107} ERROR - Failed to execute job 14 for task inject_in_postgres (; 54595)
[2024-07-05T12:56:25.092+0000] {local_task_job_runner.py:234} INFO - Task exited with return code 1
[2024-07-05T12:56:25.105+0000] {taskinstance.py:3312} INFO - 0 downstream tasks scheduled from follow-on schedule check
